// Jest Snapshot v1, https://goo.gl/fbAQLP

exports[`testComponent renders correctly 1`] = `
<div>
  <h1>
    TEST
  </h1>
</div>
`;
